src/components/common/CSVImportModal.tsx(227,38): error TS18048: 'results.duplicates' is possibly 'undefined'.
src/components/common/StateSelect.tsx(2,18): error TS6133: 'message' is declared but its value is never read.
src/components/piles/BatchPileModal.tsx(7,7): error TS6133: 'Option' is declared but its value is never read.
src/pages/auth/Register.tsx(21,11): error TS2339: Property 'register' does not exist on type 'AuthContextType'.
src/pages/barBendingSchedule/BarBendingScheduleForm.tsx(5,3): error TS6133: 'ArrowLeftOutlined' is declared but its value is never read.
src/pages/barBendingSchedule/BarBendingScheduleForm.tsx(30,7): error TS6133: 'TextArea' is declared but its value is never read.
src/pages/barBendingSchedule/BarBendingScheduleList.tsx(9,3): error TS6133: 'CheckCircleOutlined' is declared but its value is never read.
src/pages/barBendingSchedule/BarBendingScheduleList.tsx(12,3): error TS6133: 'FileTextOutlined' is declared but its value is never read.
src/pages/barBendingSchedule/BarBendingScheduleList.tsx(22,7): error TS6133: 'Search' is declared but its value is never read.
src/pages/clients/ClientDetails.tsx(13,5): error TS6133: 'ApartmentOutlined' is declared but its value is never read.
src/pages/clients/ClientDetails.tsx(65,12): error TS6133: 'loading' is declared but its value is never read.
src/pages/Dashboard.tsx(24,15): error TS6133: 'Title' is declared but its value is never read.
src/pages/drawings/DrawingForm.tsx(2,69): error TS6133: 'Row' is declared but its value is never read.
src/pages/drawings/DrawingForm.tsx(2,74): error TS6133: 'Col' is declared but its value is never read.
src/pages/drawings/DrawingForm.tsx(4,3): error TS6133: 'UploadOutlined' is declared but its value is never read.
src/pages/drawings/DrawingForm.tsx(5,3): error TS6133: 'ArrowLeftOutlined' is declared but its value is never read.
src/pages/drawings/DrawingForm.tsx(13,3): error TS6133: 'SaveOutlined' is declared but its value is never read.
src/pages/drawings/DrawingForm.tsx(27,3): error TS6133: 'prefixIconStyle' is declared but its value is never read.
src/pages/drawings/DrawingForm.tsx(69,20): error TS2352: Conversion of type 'File' to type 'UploadFile<any>' may be a mistake because neither type sufficiently overlaps with the other. If this was intentional, convert the expression to 'unknown' first.
  Property 'uid' is missing in type 'File' but required in type 'UploadFile<any>'.
src/pages/drawings/DrawingForm.tsx(90,11): error TS2353: Object literal may only specify known properties, and 'description' does not exist in type 'CreateDrawingRequest'.
src/pages/drawings/DrawingList.tsx(9,3): error TS6133: 'FilterOutlined' is declared but its value is never read.
src/pages/drawings/DrawingList.tsx(18,33): error TS6133: 'getSecondaryButtonStyle' is declared but its value is never read.
src/pages/equipment/BreakdownForm.tsx(2,46): error TS6133: 'Select' is declared but its value is never read.
src/pages/equipment/BreakdownForm.tsx(2,66): error TS6133: 'InputNumber' is declared but its value is never read.
src/pages/equipment/BreakdownForm.tsx(4,3): error TS6133: 'SaveOutlined' is declared but its value is never read.
src/pages/equipment/BreakdownForm.tsx(5,3): error TS6133: 'ArrowLeftOutlined' is declared but its value is never read.
src/pages/equipment/BreakdownForm.tsx(7,3): error TS6133: 'CalendarOutlined' is declared but its value is never read.
src/pages/equipment/BreakdownForm.tsx(10,3): error TS6133: 'FileTextOutlined' is declared but its value is never read.
src/pages/equipment/BreakdownForm.tsx(28,3): error TS6133: 'prefixIconStyle' is declared but its value is never read.
src/pages/equipment/BreakdownForm.tsx(31,1): error TS6133: 'theme' is declared but its value is never read.
src/pages/equipment/EquipmentForm.tsx(2,54): error TS6133: 'InputNumber' is declared but its value is never read.
src/pages/equipment/EquipmentForm.tsx(2,67): error TS6133: 'Row' is declared but its value is never read.
src/pages/equipment/EquipmentForm.tsx(2,72): error TS6133: 'Col' is declared but its value is never read.
src/pages/equipment/EquipmentForm.tsx(5,3): error TS6133: 'ArrowLeftOutlined' is declared but its value is never read.
src/pages/equipment/EquipmentForm.tsx(27,3): error TS6133: 'prefixIconStyle' is declared but its value is never read.
src/pages/equipment/EquipmentForm.tsx(33,7): error TS6133: 'TextArea' is declared but its value is never read.
src/pages/equipment/EquipmentList.tsx(5,3): error TS6133: 'EyeOutlined' is declared but its value is never read.
src/pages/equipment/EquipmentRentals.tsx(2,58): error TS6133: 'DatePicker' is declared but its value is never read.
src/pages/equipment/EquipmentRentals.tsx(2,79): error TS6133: 'Popconfirm' is declared but its value is never read.
src/pages/equipment/RentalForm.tsx(2,16): error TS6133: 'Input' is declared but its value is never read.
src/pages/expenses/ExpenseList.tsx(2,58): error TS6133: 'DatePicker' is declared but its value is never read.
src/pages/expenses/ExpenseList.tsx(5,3): error TS6133: 'EyeOutlined' is declared but its value is never read.
src/pages/expenses/ExpenseList.tsx(8,3): error TS6133: 'MoneyCollectOutlined' is declared but its value is never read.
src/pages/expenses/ExpenseList.tsx(10,3): error TS6133: 'ProjectOutlined' is declared but its value is never read.
src/pages/expenses/ExpenseList.tsx(24,33): error TS6133: 'getSecondaryButtonStyle' is declared but its value is never read.
src/pages/finance/VendorAgingReport.tsx(9,5): error TS6133: 'ArrowLeftOutlined' is declared but its value is never read.
src/pages/inventory/StockReport.tsx(240,58): error TS2345: Argument of type 'string' is not assignable to parameter of type 'number'.
src/pages/materialRequisitions/MaterialRequisitionDetails.tsx(12,5): error TS6133: 'CheckOutlined' is declared but its value is never read.
src/pages/materialRequisitions/MaterialRequisitionDetails.tsx(24,15): error TS6133: 'Title' is declared but its value is never read.
src/pages/materialRequisitions/MaterialRequisitionDetails.tsx(78,11): error TS6133: 'openApprovalModal' is declared but its value is never read.
src/pages/materialRequisitions/MaterialRequisitionDetails.tsx(162,37): error TS6133: 'record' is declared but its value is never read.
src/pages/projects/ProjectList.tsx(17,3): error TS6133: 'getSecondaryButtonStyle' is declared but its value is never read.
src/pages/purchase-orders/PurchaseOrderForm.tsx(329,36): error TS7006: Parameter 'item' implicitly has an 'any' type.
src/pages/storeTransactions/ConsumptionForm.tsx(2,31): error TS6133: 'Card' is declared but its value is never read.
src/pages/storeTransactions/ConsumptionForm.tsx(2,115): error TS6133: 'Divider' is declared but its value is never read.
src/pages/storeTransactions/ConsumptionForm.tsx(2,124): error TS6133: 'Tag' is declared but its value is never read.
src/pages/storeTransactions/ConsumptionForm.tsx(4,5): error TS6133: 'SaveOutlined' is declared but its value is never read.
src/pages/storeTransactions/ConsumptionForm.tsx(13,5): error TS6133: 'DeploymentUnitOutlined' is declared but its value is never read.
src/pages/storeTransactions/ConsumptionForm.tsx(27,5): error TS6133: 'getSecondaryButtonStyle' is declared but its value is never read.
src/pages/storeTransactions/ConsumptionForm.tsx(28,5): error TS6133: 'largeInputStyle' is declared but its value is never read.
src/pages/storeTransactions/ConsumptionForm.tsx(35,1): error TS6133: 'theme' is declared but its value is never read.
src/pages/storeTransactions/ConsumptionForm.tsx(39,15): error TS6133: 'Title' is declared but its value is never read.
src/pages/storeTransactions/ConsumptionForm.tsx(55,11): error TS6133: 'id' is declared but its value is never read.
src/pages/storeTransactions/DailyWorkLog.tsx(8,5): error TS6133: 'HomeOutlined' is declared but its value is never read.
src/pages/storeTransactions/DailyWorkLog.tsx(28,50): error TS6133: 'InfoCard' is declared but its value is never read.
src/pages/storeTransactions/DailyWorkLog.tsx(32,5): error TS6133: 'largeInputStyle' is declared but its value is never read.
src/pages/storeTransactions/DailyWorkLog.tsx(38,1): error TS6133: 'theme' is declared but its value is never read.
src/pages/storeTransactions/DailyWorkLog.tsx(43,15): error TS6133: 'Title' is declared but its value is never read.
src/pages/storeTransactions/DailyWorkLog.tsx(74,12): error TS6133: 'stockMap' is declared but its value is never read.
src/pages/storeTransactions/StockAdjustmentForm.tsx(2,31): error TS6133: 'Card' is declared but its value is never read.
src/pages/storeTransactions/StockAdjustmentForm.tsx(2,115): error TS6133: 'Divider' is declared but its value is never read.
src/pages/storeTransactions/StockAdjustmentForm.tsx(13,1): error TS6133: 'storeTransactionService' is declared but its value is never read.
src/pages/storeTransactions/StockAdjustmentForm.tsx(21,5): error TS6133: 'getSecondaryButtonStyle' is declared but its value is never read.
src/pages/storeTransactions/StockAdjustmentForm.tsx(22,5): error TS6133: 'largeInputStyle' is declared but its value is never read.
src/pages/storeTransactions/StockAdjustmentForm.tsx(27,1): error TS6133: 'theme' is declared but its value is never read.
src/pages/warehouses/WarehouseForm.tsx(3,77): error TS6133: 'BankOutlined' is declared but its value is never read.
src/pages/warehouses/WarehouseForm.tsx(3,91): error TS6133: 'ShopOutlined' is declared but its value is never read.
