src/controllers/budget.controller.ts(10,1): error TS6133: 'sequelize' is declared but its value is never read.
src/controllers/budget.controller.ts(12,38): error TS6133: 'req' is declared but its value is never read.
src/controllers/client.controller.ts(298,39): error TS6133: 'req' is declared but its value is never read.
src/controllers/companyBranch.controller.ts(5,25): error TS6133: 'req' is declared but its value is never read.
src/controllers/drawing.controller.ts(26,17): error TS6133: 'req' is declared but its value is never read.
src/controllers/drawing.controller.ts(26,22): error TS6133: 'file' is declared but its value is never read.
src/controllers/drawing.controller.ts(33,14): error TS6133: 'req' is declared but its value is never read.
src/controllers/drawing.controller.ts(42,16): error TS6133: 'req' is declared but its value is never read.
src/controllers/expense.controller.ts(5,1): error TS6133: 'Notification' is declared but its value is never read.
src/controllers/expense.controller.ts(14,17): error TS6133: 'req' is declared but its value is never read.
src/controllers/expense.controller.ts(14,22): error TS6133: 'file' is declared but its value is never read.
src/controllers/expense.controller.ts(21,14): error TS6133: 'req' is declared but its value is never read.
src/controllers/expense.controller.ts(30,16): error TS6133: 'req' is declared but its value is never read.
src/controllers/expense.controller.ts(252,30): error TS2339: Property 'approvals' does not exist on type 'Expense'.
src/controllers/expense.controller.ts(321,43): error TS6133: 'req' is declared but its value is never read.
src/controllers/financeReport.controller.ts(10,44): error TS6133: 'req' is declared but its value is never read.
src/controllers/lead.controller.ts(5,1): error TS6133: 'Client' is declared but its value is never read.
src/controllers/materialRequisition.controller.ts(158,13): error TS6133: 'requested_by' is declared but its value is never read.
src/controllers/projectHierarchy.controller.ts(3,1): error TS6133: 'createError' is declared but its value is never read.
src/controllers/role.controller.ts(7,32): error TS6133: 'req' is declared but its value is never read.
src/controllers/role.controller.ts(52,40): error TS2345: Argument of type '{ name: any; }' is not assignable to parameter of type 'Optional<RoleCreationAttributes, NullishPropertiesOf<RoleCreationAttributes>>'.
  Property 'is_system_role' is missing in type '{ name: any; }' but required in type 'Omit<RoleCreationAttributes, NullishPropertiesOf<RoleCreationAttributes>>'.
src/controllers/role.controller.ts(110,38): error TS6133: 'req' is declared but its value is never read.
src/controllers/user.controller.ts(7,1): error TS6133: 'bcrypt' is declared but its value is never read.
src/controllers/user.controller.ts(7,20): error TS2307: Cannot find module 'bcryptjs' or its corresponding type declarations.
src/controllers/user.controller.ts(11,25): error TS6133: 'role' is declared but its value is never read.
src/controllers/user.controller.ts(87,13): error TS2353: Object literal may only specify known properties, and 'password' does not exist in type 'Optional<UserCreationAttributes, NullishPropertiesOf<UserCreationAttributes>>'.
src/controllers/workItemType.controller.ts(187,21): error TS2322: Type 'number | null' is not assignable to type 'number | undefined'.
  Type 'null' is not assignable to type 'number | undefined'.
src/database/seed.ts(13,1): error TS6133: 'Op' is declared but its value is never read.
src/database/seed.ts(21,12): error TS6133: 'vhptCompany' is declared but its value is never read.
src/database/seed.ts(21,25): error TS6133: 'vhshreeCompany' is declared but its value is never read.
src/database/seed.ts(89,12): error TS6133: 'adminRole' is declared but its value is never read.
src/database/seed.ts(89,23): error TS6133: 'siteEngineerRole' is declared but its value is never read.
src/database/seed.ts(89,41): error TS6133: 'storeManagerRole' is declared but its value is never read.
src/database/seed.ts(89,59): error TS6133: 'operationManagerRole' is declared but its value is never read.
src/database/seed.ts(89,81): error TS6133: 'headAccountsRole' is declared but its value is never read.
src/database/seed.ts(239,11): error TS2353: Object literal may only specify known properties, and 'location' does not exist in type 'Optional<ProjectCreationAttributes, NullishPropertiesOf<ProjectCreationAttributes>>'.
src/database/seed.ts(252,11): error TS2353: Object literal may only specify known properties, and 'client_name' does not exist in type 'Optional<ProjectDetailsCreationAttributes, NullishPropertiesOf<ProjectDetailsCreationAttributes>>'.
src/middleware/auth.middleware.ts(17,3): error TS6133: 'res' is declared but its value is never read.
src/middleware/auth.middleware.ts(50,29): error TS6133: 'res' is declared but its value is never read.
src/middleware/errorHandler.ts(13,3): error TS6133: 'next' is declared but its value is never read.
src/middleware/rbac.middleware.ts(11,35): error TS6133: 'res' is declared but its value is never read.
src/middleware/rbac.middleware.ts(67,35): error TS6133: 'res' is declared but its value is never read.
src/middleware/upload.middleware.ts(4,1): error TS6133: 'createError' is declared but its value is never read.
src/middleware/upload.middleware.ts(13,24): error TS6133: 'file' is declared but its value is never read.
src/middleware/upload.middleware.ts(24,16): error TS6133: 'req' is declared but its value is never read.
src/middleware/upload.middleware.ts(32,21): error TS6133: 'req' is declared but its value is never read.
src/models/DrawingPanelAnchor.ts(22,12): error TS2416: Property 'anchor_capacity' in type 'DrawingPanelAnchor' is not assignable to the same property in base type 'DrawingPanelAnchorAttributes'.
  Type 'number | null' is not assignable to type 'number | undefined'.
    Type 'null' is not assignable to type 'number | undefined'.
src/models/Material.ts(63,37): error TS2345: Argument of type 'string | string[]' is not assignable to parameter of type 'string'.
  Type 'string[]' is not assignable to type 'string'.
src/routes/master.routes.ts(12,44): error TS6133: 'req' is declared but its value is never read.
src/scripts/apply_sql.ts(29,13): error TS18046: 'error' is of type 'unknown'.
src/scripts/apply_sql.ts(40,37): error TS18046: 'error' is of type 'unknown'.
src/scripts/apply_sql_v2.ts(23,21): error TS18046: 'err' is of type 'unknown'.
src/scripts/apply_sql_v2.ts(26,64): error TS18046: 'err' is of type 'unknown'.
src/scripts/apply_sql_v2.ts(44,42): error TS18046: 'error' is of type 'unknown'.
src/scripts/list_columns.ts(17,33): error TS18046: 'error' is of type 'unknown'.
src/scripts/migrate-erp-linkage.ts(36,43): error TS2345: Argument of type 'object' is not assignable to parameter of type 'DataType | ModelAttributeColumnOptions<Model<any, any>>'.
src/scripts/test_query.ts(4,1): error TS6133: 'StoreTransaction' is declared but its value is never read.
src/scripts/test_query.ts(20,40): error TS18046: 'error' is of type 'unknown'.
src/scripts/test_query.ts(21,13): error TS18046: 'error' is of type 'unknown'.
src/scripts/test_query.ts(21,44): error TS18046: 'error' is of type 'unknown'.
src/server.ts(2,18): error TS7016: Could not find a declaration file for module 'cors'. 'D:/CRM/backend/node_modules/cors/lib/index.js' implicitly has an 'any' type.
  Try `npm i --save-dev @types/cors` if it exists or add a new declaration (.d.ts) file containing `declare module 'cors';`
